payload: payload:clang → /home/speak/.mcpp/registry/data/xpkgs/xim-x-llvm/22.1.8/bin/clang++
run id : f46f8e3b (fresh)
host   : linux x86_64 · 13th Gen Intel(R) Core(TM) i9-13900K · 32 logical / 24 physical (heterogeneous)
fixture: 20 units, fanin 3, weight 4

[    0.0s] mcpp@2026.8.13.1/clang/release/cold/synth-20x3/headers  configure
[    0.0s] mcpp@2026.8.13.1/clang/release/cold/synth-20x3/headers  seed build
[    1.3s] mcpp@2026.8.13.1/clang/release/cold/synth-20x3/headers  run 1/3
[    2.5s] mcpp@2026.8.13.1/clang/release/cold/synth-20x3/headers  run 2/3
[    3.7s] mcpp@2026.8.13.1/clang/release/cold/synth-20x3/headers  run 3/3
mcpp@2026.8.13.1/clang/release/cold/synth-20x3/headers     1.18s  (min 1.18 / max 1.20, n=3)
[    4.9s] mcpp@2026.8.13.1/clang/release/noop/synth-20x3/headers  configure
[    4.9s] mcpp@2026.8.13.1/clang/release/noop/synth-20x3/headers  seed build
[    5.1s] mcpp@2026.8.13.1/clang/release/noop/synth-20x3/headers  run 1/3
[    5.3s] mcpp@2026.8.13.1/clang/release/noop/synth-20x3/headers  run 2/3
[    5.5s] mcpp@2026.8.13.1/clang/release/noop/synth-20x3/headers  run 3/3
mcpp@2026.8.13.1/clang/release/noop/synth-20x3/headers     0.18s  (min 0.18 / max 0.18, n=3)
[    5.6s] mcpp@2026.8.13.1/clang/release/touch-hub/synth-20x3/headers  configure
[    5.6s] mcpp@2026.8.13.1/clang/release/touch-hub/synth-20x3/headers  seed build
[    5.8s] mcpp@2026.8.13.1/clang/release/touch-hub/synth-20x3/headers  run 1/3
[    7.0s] mcpp@2026.8.13.1/clang/release/touch-hub/synth-20x3/headers  run 2/3
[    8.1s] mcpp@2026.8.13.1/clang/release/touch-hub/synth-20x3/headers  run 3/3
mcpp@2026.8.13.1/clang/release/touch-hub/synth-20x3/headers     1.12s  (min 1.10 / max 1.14, n=3)
[    9.2s] mcpp@2026.8.13.1/clang/release/touch-leaf/synth-20x3/headers  configure
[    9.2s] mcpp@2026.8.13.1/clang/release/touch-leaf/synth-20x3/headers  seed build
[    9.4s] mcpp@2026.8.13.1/clang/release/touch-leaf/synth-20x3/headers  run 1/3
[   10.1s] mcpp@2026.8.13.1/clang/release/touch-leaf/synth-20x3/headers  run 2/3
[   10.8s] mcpp@2026.8.13.1/clang/release/touch-leaf/synth-20x3/headers  run 3/3
mcpp@2026.8.13.1/clang/release/touch-leaf/synth-20x3/headers     0.72s  (min 0.68 / max 0.72, n=3)
[   11.5s] mcpp@2026.8.13.1/clang/release/edit-body/synth-20x3/headers  configure
[   11.5s] mcpp@2026.8.13.1/clang/release/edit-body/synth-20x3/headers  seed build
[   11.7s] mcpp@2026.8.13.1/clang/release/edit-body/synth-20x3/headers  run 1/3
[   12.4s] mcpp@2026.8.13.1/clang/release/edit-body/synth-20x3/headers  run 2/3
[   13.1s] mcpp@2026.8.13.1/clang/release/edit-body/synth-20x3/headers  run 3/3
mcpp@2026.8.13.1/clang/release/edit-body/synth-20x3/headers     0.68s  (min 0.66 / max 0.68, n=3)
[   13.7s] mcpp@2026.8.13.1/clang/release/edit-comment/synth-20x3/headers  configure
[   13.7s] mcpp@2026.8.13.1/clang/release/edit-comment/synth-20x3/headers  seed build
[   14.4s] mcpp@2026.8.13.1/clang/release/edit-comment/synth-20x3/headers  run 1/3
[   15.6s] mcpp@2026.8.13.1/clang/release/edit-comment/synth-20x3/headers  run 2/3
[   16.8s] mcpp@2026.8.13.1/clang/release/edit-comment/synth-20x3/headers  run 3/3
mcpp@2026.8.13.1/clang/release/edit-comment/synth-20x3/headers     1.16s  (min 1.12 / max 1.19, n=3)
[   17.9s] mcpp@2026.8.13.1/clang/release/cold/synth-20x3/modules  configure
[   17.9s] mcpp@2026.8.13.1/clang/release/cold/synth-20x3/modules  seed build
[   27.7s] mcpp@2026.8.13.1/clang/release/cold/synth-20x3/modules  run 1/3
[   37.5s] mcpp@2026.8.13.1/clang/release/cold/synth-20x3/modules  run 2/3
[   47.2s] mcpp@2026.8.13.1/clang/release/cold/synth-20x3/modules  run 3/3
mcpp@2026.8.13.1/clang/release/cold/synth-20x3/modules     9.77s  (min 9.73 / max 9.80, n=3)
[   57.1s] mcpp@2026.8.13.1/clang/release/noop/synth-20x3/modules  configure
[   57.1s] mcpp@2026.8.13.1/clang/release/noop/synth-20x3/modules  seed build
[   57.2s] mcpp@2026.8.13.1/clang/release/noop/synth-20x3/modules  run 1/3
[   57.5s] mcpp@2026.8.13.1/clang/release/noop/synth-20x3/modules  run 2/3
[   57.7s] mcpp@2026.8.13.1/clang/release/noop/synth-20x3/modules  run 3/3
mcpp@2026.8.13.1/clang/release/noop/synth-20x3/modules     0.20s  (min 0.20 / max 0.26, n=3)
[   57.9s] mcpp@2026.8.13.1/clang/release/touch-hub/synth-20x3/modules  configure
[   57.9s] mcpp@2026.8.13.1/clang/release/touch-hub/synth-20x3/modules  seed build
[   58.1s] mcpp@2026.8.13.1/clang/release/touch-hub/synth-20x3/modules  run 1/3
[   58.9s] mcpp@2026.8.13.1/clang/release/touch-hub/synth-20x3/modules  run 2/3
[   59.8s] mcpp@2026.8.13.1/clang/release/touch-hub/synth-20x3/modules  run 3/3
mcpp@2026.8.13.1/clang/release/touch-hub/synth-20x3/modules     0.84s  (min 0.84 / max 0.85, n=3)
[   60.6s] mcpp@2026.8.13.1/clang/release/touch-leaf/synth-20x3/modules  configure
[   60.6s] mcpp@2026.8.13.1/clang/release/touch-leaf/synth-20x3/modules  seed build
[   60.8s] mcpp@2026.8.13.1/clang/release/touch-leaf/synth-20x3/modules  run 1/3
[   61.5s] mcpp@2026.8.13.1/clang/release/touch-leaf/synth-20x3/modules  run 2/3
[   62.3s] mcpp@2026.8.13.1/clang/release/touch-leaf/synth-20x3/modules  run 3/3
mcpp@2026.8.13.1/clang/release/touch-leaf/synth-20x3/modules     0.76s  (min 0.74 / max 0.78, n=3)
[   63.1s] mcpp@2026.8.13.1/clang/release/edit-body/synth-20x3/modules  configure
[   63.1s] mcpp@2026.8.13.1/clang/release/edit-body/synth-20x3/modules  seed build
[   63.3s] mcpp@2026.8.13.1/clang/release/edit-body/synth-20x3/modules  run 1/3
[   73.4s] mcpp@2026.8.13.1/clang/release/edit-body/synth-20x3/modules  run 2/3
[   83.5s] mcpp@2026.8.13.1/clang/release/edit-body/synth-20x3/modules  run 3/3
mcpp@2026.8.13.1/clang/release/edit-body/synth-20x3/modules    10.16s  (min 10.02 / max 10.19, n=3)
[   93.7s] mcpp@2026.8.13.1/clang/release/edit-comment/synth-20x3/modules  configure
[   93.7s] mcpp@2026.8.13.1/clang/release/edit-comment/synth-20x3/modules  seed build
[  103.7s] mcpp@2026.8.13.1/clang/release/edit-comment/synth-20x3/modules  run 1/3
[  113.7s] mcpp@2026.8.13.1/clang/release/edit-comment/synth-20x3/modules  run 2/3
[  123.9s] mcpp@2026.8.13.1/clang/release/edit-comment/synth-20x3/modules  run 3/3
mcpp@2026.8.13.1/clang/release/edit-comment/synth-20x3/modules    10.05s  (min 10.02 / max 10.16, n=3)
[  133.9s] mcpp@2026.8.13.1/clang/release/cold/synth-20x3/modules-impl  configure
[  133.9s] mcpp@2026.8.13.1/clang/release/cold/synth-20x3/modules-impl  seed build
[  141.1s] mcpp@2026.8.13.1/clang/release/cold/synth-20x3/modules-impl  run 1/3
[  148.4s] mcpp@2026.8.13.1/clang/release/cold/synth-20x3/modules-impl  run 2/3
[  155.8s] mcpp@2026.8.13.1/clang/release/cold/synth-20x3/modules-impl  run 3/3
mcpp@2026.8.13.1/clang/release/cold/synth-20x3/modules-impl     7.27s  (min 7.24 / max 7.40, n=3)
[  163.0s] mcpp@2026.8.13.1/clang/release/noop/synth-20x3/modules-impl  configure
[  163.0s] mcpp@2026.8.13.1/clang/release/noop/synth-20x3/modules-impl  seed build
[  163.2s] mcpp@2026.8.13.1/clang/release/noop/synth-20x3/modules-impl  run 1/3
[  163.4s] mcpp@2026.8.13.1/clang/release/noop/synth-20x3/modules-impl  run 2/3
[  163.7s] mcpp@2026.8.13.1/clang/release/noop/synth-20x3/modules-impl  run 3/3
mcpp@2026.8.13.1/clang/release/noop/synth-20x3/modules-impl     0.18s  (min 0.18 / max 0.22, n=3)
[  163.8s] mcpp@2026.8.13.1/clang/release/touch-hub/synth-20x3/modules-impl  configure
[  163.8s] mcpp@2026.8.13.1/clang/release/touch-hub/synth-20x3/modules-impl  seed build
[  164.0s] mcpp@2026.8.13.1/clang/release/touch-hub/synth-20x3/modules-impl  run 1/3
[  164.6s] mcpp@2026.8.13.1/clang/release/touch-hub/synth-20x3/modules-impl  run 2/3
[  165.1s] mcpp@2026.8.13.1/clang/release/touch-hub/synth-20x3/modules-impl  run 3/3
mcpp@2026.8.13.1/clang/release/touch-hub/synth-20x3/modules-impl     0.54s  (min 0.54 / max 0.54, n=3)
[  165.6s] mcpp@2026.8.13.1/clang/release/touch-leaf/synth-20x3/modules-impl  configure
[  165.6s] mcpp@2026.8.13.1/clang/release/touch-leaf/synth-20x3/modules-impl  seed build
[  165.8s] mcpp@2026.8.13.1/clang/release/touch-leaf/synth-20x3/modules-impl  run 1/3
[  166.4s] mcpp@2026.8.13.1/clang/release/touch-leaf/synth-20x3/modules-impl  run 2/3
[  167.0s] mcpp@2026.8.13.1/clang/release/touch-leaf/synth-20x3/modules-impl  run 3/3
mcpp@2026.8.13.1/clang/release/touch-leaf/synth-20x3/modules-impl     0.60s  (min 0.60 / max 0.60, n=3)
[  167.6s] mcpp@2026.8.13.1/clang/release/edit-body/synth-20x3/modules-impl  configure
[  167.6s] mcpp@2026.8.13.1/clang/release/edit-body/synth-20x3/modules-impl  seed build
[  167.8s] mcpp@2026.8.13.1/clang/release/edit-body/synth-20x3/modules-impl  run 1/3
[  168.5s] mcpp@2026.8.13.1/clang/release/edit-body/synth-20x3/modules-impl  run 2/3
[  169.2s] mcpp@2026.8.13.1/clang/release/edit-body/synth-20x3/modules-impl  run 3/3
mcpp@2026.8.13.1/clang/release/edit-body/synth-20x3/modules-impl     0.68s  (min 0.66 / max 0.68, n=3)
[  169.8s] mcpp@2026.8.13.1/clang/release/edit-comment/synth-20x3/modules-impl  configure
[  169.8s] mcpp@2026.8.13.1/clang/release/edit-comment/synth-20x3/modules-impl  seed build
[  170.5s] mcpp@2026.8.13.1/clang/release/edit-comment/synth-20x3/modules-impl  run 1/3
[  177.9s] mcpp@2026.8.13.1/clang/release/edit-comment/synth-20x3/modules-impl  run 2/3
[  185.4s] mcpp@2026.8.13.1/clang/release/edit-comment/synth-20x3/modules-impl  run 3/3
mcpp@2026.8.13.1/clang/release/edit-comment/synth-20x3/modules-impl     7.43s  (min 7.42 / max 7.65, n=3)
[  193.0s] mcpp@2026.8.11.3/clang/release/cold/synth-20x3/headers  configure
[  193.0s] mcpp@2026.8.11.3/clang/release/cold/synth-20x3/headers  seed build
[  194.3s] mcpp@2026.8.11.3/clang/release/cold/synth-20x3/headers  run 1/3
[  195.6s] mcpp@2026.8.11.3/clang/release/cold/synth-20x3/headers  run 2/3
[  196.9s] mcpp@2026.8.11.3/clang/release/cold/synth-20x3/headers  run 3/3
mcpp@2026.8.11.3/clang/release/cold/synth-20x3/headers     1.26s  (min 1.26 / max 1.30, n=3)
[  198.2s] mcpp@2026.8.11.3/clang/release/noop/synth-20x3/headers  configure
[  198.2s] mcpp@2026.8.11.3/clang/release/noop/synth-20x3/headers  seed build
[  198.4s] mcpp@2026.8.11.3/clang/release/noop/synth-20x3/headers  run 1/3
[  198.5s] mcpp@2026.8.11.3/clang/release/noop/synth-20x3/headers  run 2/3
[  198.7s] mcpp@2026.8.11.3/clang/release/noop/synth-20x3/headers  run 3/3
mcpp@2026.8.11.3/clang/release/noop/synth-20x3/headers     0.18s  (min 0.18 / max 0.18, n=3)
[  198.9s] mcpp@2026.8.11.3/clang/release/touch-hub/synth-20x3/headers  configure
[  198.9s] mcpp@2026.8.11.3/clang/release/touch-hub/synth-20x3/headers  seed build
[  199.1s] mcpp@2026.8.11.3/clang/release/touch-hub/synth-20x3/headers  run 1/3
[  200.3s] mcpp@2026.8.11.3/clang/release/touch-hub/synth-20x3/headers  run 2/3
[  201.5s] mcpp@2026.8.11.3/clang/release/touch-hub/synth-20x3/headers  run 3/3
mcpp@2026.8.11.3/clang/release/touch-hub/synth-20x3/headers     1.22s  (min 1.20 / max 1.24, n=3)
[  202.8s] mcpp@2026.8.11.3/clang/release/touch-leaf/synth-20x3/headers  configure
[  202.8s] mcpp@2026.8.11.3/clang/release/touch-leaf/synth-20x3/headers  seed build
[  203.0s] mcpp@2026.8.11.3/clang/release/touch-leaf/synth-20x3/headers  run 1/3
[  203.7s] mcpp@2026.8.11.3/clang/release/touch-leaf/synth-20x3/headers  run 2/3
[  204.5s] mcpp@2026.8.11.3/clang/release/touch-leaf/synth-20x3/headers  run 3/3
mcpp@2026.8.11.3/clang/release/touch-leaf/synth-20x3/headers     0.76s  (min 0.75 / max 0.78, n=3)
[  205.3s] mcpp@2026.8.11.3/clang/release/edit-body/synth-20x3/headers  configure
[  205.3s] mcpp@2026.8.11.3/clang/release/edit-body/synth-20x3/headers  seed build
[  205.4s] mcpp@2026.8.11.3/clang/release/edit-body/synth-20x3/headers  run 1/3
[  206.2s] mcpp@2026.8.11.3/clang/release/edit-body/synth-20x3/headers  run 2/3
[  206.9s] mcpp@2026.8.11.3/clang/release/edit-body/synth-20x3/headers  run 3/3
mcpp@2026.8.11.3/clang/release/edit-body/synth-20x3/headers     0.75s  (min 0.73 / max 0.76, n=3)
[  207.7s] mcpp@2026.8.11.3/clang/release/edit-comment/synth-20x3/headers  configure
[  207.7s] mcpp@2026.8.11.3/clang/release/edit-comment/synth-20x3/headers  seed build
[  208.4s] mcpp@2026.8.11.3/clang/release/edit-comment/synth-20x3/headers  run 1/3
[  209.7s] mcpp@2026.8.11.3/clang/release/edit-comment/synth-20x3/headers  run 2/3
[  210.9s] mcpp@2026.8.11.3/clang/release/edit-comment/synth-20x3/headers  run 3/3
mcpp@2026.8.11.3/clang/release/edit-comment/synth-20x3/headers     1.26s  (min 1.23 / max 1.41, n=3)
[  212.3s] mcpp@2026.8.11.3/clang/release/cold/synth-20x3/modules  configure
[  212.3s] mcpp@2026.8.11.3/clang/release/cold/synth-20x3/modules  seed build
[  222.2s] mcpp@2026.8.11.3/clang/release/cold/synth-20x3/modules  run 1/3
[  232.2s] mcpp@2026.8.11.3/clang/release/cold/synth-20x3/modules  run 2/3
[  242.0s] mcpp@2026.8.11.3/clang/release/cold/synth-20x3/modules  run 3/3
mcpp@2026.8.11.3/clang/release/cold/synth-20x3/modules     9.89s  (min 9.79 / max 9.98, n=3)
[  251.9s] mcpp@2026.8.11.3/clang/release/noop/synth-20x3/modules  configure
[  251.9s] mcpp@2026.8.11.3/clang/release/noop/synth-20x3/modules  seed build
[  252.1s] mcpp@2026.8.11.3/clang/release/noop/synth-20x3/modules  run 1/3
[  252.2s] mcpp@2026.8.11.3/clang/release/noop/synth-20x3/modules  run 2/3
[  252.4s] mcpp@2026.8.11.3/clang/release/noop/synth-20x3/modules  run 3/3
mcpp@2026.8.11.3/clang/release/noop/synth-20x3/modules     0.18s  (min 0.18 / max 0.24, n=3)
[  252.7s] mcpp@2026.8.11.3/clang/release/touch-hub/synth-20x3/modules  configure
[  252.7s] mcpp@2026.8.11.3/clang/release/touch-hub/synth-20x3/modules  seed build
[  252.8s] mcpp@2026.8.11.3/clang/release/touch-hub/synth-20x3/modules  run 1/3
[  253.7s] mcpp@2026.8.11.3/clang/release/touch-hub/synth-20x3/modules  run 2/3
[  254.6s] mcpp@2026.8.11.3/clang/release/touch-hub/synth-20x3/modules  run 3/3
mcpp@2026.8.11.3/clang/release/touch-hub/synth-20x3/modules     0.92s  (min 0.86 / max 1.02, n=3)
[  255.7s] mcpp@2026.8.11.3/clang/release/touch-leaf/synth-20x3/modules  configure
[  255.7s] mcpp@2026.8.11.3/clang/release/touch-leaf/synth-20x3/modules  seed build
[  255.8s] mcpp@2026.8.11.3/clang/release/touch-leaf/synth-20x3/modules  run 1/3
[  256.6s] mcpp@2026.8.11.3/clang/release/touch-leaf/synth-20x3/modules  run 2/3
[  257.5s] mcpp@2026.8.11.3/clang/release/touch-leaf/synth-20x3/modules  run 3/3
mcpp@2026.8.11.3/clang/release/touch-leaf/synth-20x3/modules     0.82s  (min 0.80 / max 0.84, n=3)
[  258.3s] mcpp@2026.8.11.3/clang/release/edit-body/synth-20x3/modules  configure
[  258.3s] mcpp@2026.8.11.3/clang/release/edit-body/synth-20x3/modules  seed build
[  258.5s] mcpp@2026.8.11.3/clang/release/edit-body/synth-20x3/modules  run 1/3
[  268.5s] mcpp@2026.8.11.3/clang/release/edit-body/synth-20x3/modules  run 2/3
[  278.6s] mcpp@2026.8.11.3/clang/release/edit-body/synth-20x3/modules  run 3/3
mcpp@2026.8.11.3/clang/release/edit-body/synth-20x3/modules    10.01s  (min 9.97 / max 10.04, n=3)
[  288.5s] mcpp@2026.8.11.3/clang/release/edit-comment/synth-20x3/modules  configure
[  288.5s] mcpp@2026.8.11.3/clang/release/edit-comment/synth-20x3/modules  seed build
[  298.4s] mcpp@2026.8.11.3/clang/release/edit-comment/synth-20x3/modules  run 1/3
[  308.4s] mcpp@2026.8.11.3/clang/release/edit-comment/synth-20x3/modules  run 2/3
[  318.5s] mcpp@2026.8.11.3/clang/release/edit-comment/synth-20x3/modules  run 3/3
mcpp@2026.8.11.3/clang/release/edit-comment/synth-20x3/modules    10.02s  (min 9.95 / max 10.11, n=3)
[  328.5s] mcpp@2026.8.11.3/clang/release/cold/synth-20x3/modules-impl  configure
[  328.5s] mcpp@2026.8.11.3/clang/release/cold/synth-20x3/modules-impl  seed build
[  336.0s] mcpp@2026.8.11.3/clang/release/cold/synth-20x3/modules-impl  run 1/3
[  343.5s] mcpp@2026.8.11.3/clang/release/cold/synth-20x3/modules-impl  run 2/3
[  351.1s] mcpp@2026.8.11.3/clang/release/cold/synth-20x3/modules-impl  run 3/3
mcpp@2026.8.11.3/clang/release/cold/synth-20x3/modules-impl     7.55s  (min 7.51 / max 7.77, n=3)
[  358.8s] mcpp@2026.8.11.3/clang/release/noop/synth-20x3/modules-impl  configure
[  358.8s] mcpp@2026.8.11.3/clang/release/noop/synth-20x3/modules-impl  seed build
[  359.0s] mcpp@2026.8.11.3/clang/release/noop/synth-20x3/modules-impl  run 1/3
[  359.2s] mcpp@2026.8.11.3/clang/release/noop/synth-20x3/modules-impl  run 2/3
[  359.4s] mcpp@2026.8.11.3/clang/release/noop/synth-20x3/modules-impl  run 3/3
mcpp@2026.8.11.3/clang/release/noop/synth-20x3/modules-impl     0.18s  (min 0.18 / max 0.20, n=3)
[  359.6s] mcpp@2026.8.11.3/clang/release/touch-hub/synth-20x3/modules-impl  configure
[  359.6s] mcpp@2026.8.11.3/clang/release/touch-hub/synth-20x3/modules-impl  seed build
[  359.8s] mcpp@2026.8.11.3/clang/release/touch-hub/synth-20x3/modules-impl  run 1/3
[  360.4s] mcpp@2026.8.11.3/clang/release/touch-hub/synth-20x3/modules-impl  run 2/3
[  361.0s] mcpp@2026.8.11.3/clang/release/touch-hub/synth-20x3/modules-impl  run 3/3
mcpp@2026.8.11.3/clang/release/touch-hub/synth-20x3/modules-impl     0.60s  (min 0.58 / max 0.60, n=3)
[  361.6s] mcpp@2026.8.11.3/clang/release/touch-leaf/synth-20x3/modules-impl  configure
[  361.6s] mcpp@2026.8.11.3/clang/release/touch-leaf/synth-20x3/modules-impl  seed build
[  361.8s] mcpp@2026.8.11.3/clang/release/touch-leaf/synth-20x3/modules-impl  run 1/3
[  362.4s] mcpp@2026.8.11.3/clang/release/touch-leaf/synth-20x3/modules-impl  run 2/3
[  363.1s] mcpp@2026.8.11.3/clang/release/touch-leaf/synth-20x3/modules-impl  run 3/3
mcpp@2026.8.11.3/clang/release/touch-leaf/synth-20x3/modules-impl     0.66s  (min 0.66 / max 0.68, n=3)
[  363.8s] mcpp@2026.8.11.3/clang/release/edit-body/synth-20x3/modules-impl  configure
[  363.8s] mcpp@2026.8.11.3/clang/release/edit-body/synth-20x3/modules-impl  seed build
[  364.0s] mcpp@2026.8.11.3/clang/release/edit-body/synth-20x3/modules-impl  run 1/3
[  364.7s] mcpp@2026.8.11.3/clang/release/edit-body/synth-20x3/modules-impl  run 2/3
[  365.5s] mcpp@2026.8.11.3/clang/release/edit-body/synth-20x3/modules-impl  run 3/3
mcpp@2026.8.11.3/clang/release/edit-body/synth-20x3/modules-impl     0.76s  (min 0.74 / max 0.76, n=3)
[  366.2s] mcpp@2026.8.11.3/clang/release/edit-comment/synth-20x3/modules-impl  configure
[  366.2s] mcpp@2026.8.11.3/clang/release/edit-comment/synth-20x3/modules-impl  seed build
[  367.0s] mcpp@2026.8.11.3/clang/release/edit-comment/synth-20x3/modules-impl  run 1/3
[  374.7s] mcpp@2026.8.11.3/clang/release/edit-comment/synth-20x3/modules-impl  run 2/3
[  382.1s] mcpp@2026.8.11.3/clang/release/edit-comment/synth-20x3/modules-impl  run 3/3
mcpp@2026.8.11.3/clang/release/edit-comment/synth-20x3/modules-impl     7.41s  (min 7.39 / max 7.73, n=3)
[  390.3s] cmake/clang/release/cold/synth-20x3/headers  configure
[  392.9s] cmake/clang/release/cold/synth-20x3/headers  seed build
[  394.4s] cmake/clang/release/cold/synth-20x3/headers  run 1/3
[  398.6s] cmake/clang/release/cold/synth-20x3/headers  run 2/3
[  402.9s] cmake/clang/release/cold/synth-20x3/headers  run 3/3
cmake/clang/release/cold/synth-20x3/headers     3.91s  (min 3.87 / max 3.97, n=3)
[  407.5s] cmake/clang/release/noop/synth-20x3/headers  configure
[  408.1s] cmake/clang/release/noop/synth-20x3/headers  seed build
[  408.4s] cmake/clang/release/noop/synth-20x3/headers  run 1/3
[  409.1s] cmake/clang/release/noop/synth-20x3/headers  run 2/3
[  409.8s] cmake/clang/release/noop/synth-20x3/headers  run 3/3
cmake/clang/release/noop/synth-20x3/headers     0.36s  (min 0.36 / max 0.36, n=3)
[  410.9s] cmake/clang/release/touch-hub/synth-20x3/headers  configure
[  411.4s] cmake/clang/release/touch-hub/synth-20x3/headers  seed build
[  411.8s] cmake/clang/release/touch-hub/synth-20x3/headers  run 1/3
[  413.7s] cmake/clang/release/touch-hub/synth-20x3/headers  run 2/3
[  415.5s] cmake/clang/release/touch-hub/synth-20x3/headers  run 3/3
cmake/clang/release/touch-hub/synth-20x3/headers     1.53s  (min 1.51 / max 1.55, n=3)
[  417.9s] cmake/clang/release/touch-leaf/synth-20x3/headers  configure
[  418.4s] cmake/clang/release/touch-leaf/synth-20x3/headers  seed build
[  418.8s] cmake/clang/release/touch-leaf/synth-20x3/headers  run 1/3
[  420.2s] cmake/clang/release/touch-leaf/synth-20x3/headers  run 2/3
[  421.5s] cmake/clang/release/touch-leaf/synth-20x3/headers  run 3/3
cmake/clang/release/touch-leaf/synth-20x3/headers     1.02s  (min 1.00 / max 1.02, n=3)
[  423.2s] cmake/clang/release/edit-body/synth-20x3/headers  configure
[  423.8s] cmake/clang/release/edit-body/synth-20x3/headers  seed build
[  424.1s] cmake/clang/release/edit-body/synth-20x3/headers  run 1/3
[  425.6s] cmake/clang/release/edit-body/synth-20x3/headers  run 2/3
[  427.0s] cmake/clang/release/edit-body/synth-20x3/headers  run 3/3
cmake/clang/release/edit-body/synth-20x3/headers     1.04s  (min 1.02 / max 1.06, n=3)
[  428.7s] cmake/clang/release/edit-comment/synth-20x3/headers  configure
[  429.2s] cmake/clang/release/edit-comment/synth-20x3/headers  seed build
[  430.3s] cmake/clang/release/edit-comment/synth-20x3/headers  run 1/3
[  432.1s] cmake/clang/release/edit-comment/synth-20x3/headers  run 2/3
[  434.0s] cmake/clang/release/edit-comment/synth-20x3/headers  run 3/3
cmake/clang/release/edit-comment/synth-20x3/headers     1.51s  (min 1.50 / max 1.69, n=3)
[  436.9s] cmake/clang/release/cold/synth-20x3/modules  configure
[  439.3s] cmake/clang/release/cold/synth-20x3/modules  seed build
[  449.5s] cmake/clang/release/cold/synth-20x3/modules  run 1/3
[  462.9s] cmake/clang/release/cold/synth-20x3/modules  run 2/3
[  476.0s] cmake/clang/release/cold/synth-20x3/modules  run 3/3
cmake/clang/release/cold/synth-20x3/modules    12.72s  (min 12.64 / max 13.09, n=3)
[  489.4s] cmake/clang/release/noop/synth-20x3/modules  configure
[  489.9s] cmake/clang/release/noop/synth-20x3/modules  seed build
[  490.3s] cmake/clang/release/noop/synth-20x3/modules  run 1/3
[  491.0s] cmake/clang/release/noop/synth-20x3/modules  run 2/3
[  491.7s] cmake/clang/release/noop/synth-20x3/modules  run 3/3
cmake/clang/release/noop/synth-20x3/modules     0.36s  (min 0.36 / max 0.36, n=3)
[  492.8s] cmake/clang/release/touch-hub/synth-20x3/modules  configure
[  493.3s] cmake/clang/release/touch-hub/synth-20x3/modules  seed build
[  493.7s] cmake/clang/release/touch-hub/synth-20x3/modules  run 1/3
[  504.1s] cmake/clang/release/touch-hub/synth-20x3/modules  run 2/3
[  514.5s] cmake/clang/release/touch-hub/synth-20x3/modules  run 3/3
cmake/clang/release/touch-hub/synth-20x3/modules    10.06s  (min 10.00 / max 10.08, n=3)
[  525.2s] cmake/clang/release/touch-leaf/synth-20x3/modules  configure
[  525.8s] cmake/clang/release/touch-leaf/synth-20x3/modules  seed build
[  526.2s] cmake/clang/release/touch-leaf/synth-20x3/modules  run 1/3
[  527.7s] cmake/clang/release/touch-leaf/synth-20x3/modules  run 2/3
[  529.2s] cmake/clang/release/touch-leaf/synth-20x3/modules  run 3/3
cmake/clang/release/touch-leaf/synth-20x3/modules     1.14s  (min 1.14 / max 1.16, n=3)
[  531.0s] cmake/clang/release/edit-body/synth-20x3/modules  configure
[  531.6s] cmake/clang/release/edit-body/synth-20x3/modules  seed build
[  531.9s] cmake/clang/release/edit-body/synth-20x3/modules  run 1/3
[  542.5s] cmake/clang/release/edit-body/synth-20x3/modules  run 2/3
[  552.8s] cmake/clang/release/edit-body/synth-20x3/modules  run 3/3
cmake/clang/release/edit-body/synth-20x3/modules    10.07s  (min 9.98 / max 10.22, n=3)
[  563.6s] cmake/clang/release/edit-comment/synth-20x3/modules  configure
[  564.1s] cmake/clang/release/edit-comment/synth-20x3/modules  seed build
[  574.1s] cmake/clang/release/edit-comment/synth-20x3/modules  run 1/3
[  584.5s] cmake/clang/release/edit-comment/synth-20x3/modules  run 2/3
[  595.0s] cmake/clang/release/edit-comment/synth-20x3/modules  run 3/3
cmake/clang/release/edit-comment/synth-20x3/modules    10.05s  (min 10.02 / max 10.12, n=3)
[  606.1s] cmake/clang/release/cold/synth-20x3/modules-impl  configure
[  608.5s] cmake/clang/release/cold/synth-20x3/modules-impl  seed build
[  616.2s] cmake/clang/release/cold/synth-20x3/modules-impl  run 1/3
[  626.7s] cmake/clang/release/cold/synth-20x3/modules-impl  run 2/3
[  637.1s] cmake/clang/release/cold/synth-20x3/modules-impl  run 3/3
cmake/clang/release/cold/synth-20x3/modules-impl    10.10s  (min 10.04 / max 10.16, n=3)
[  647.9s] cmake/clang/release/noop/synth-20x3/modules-impl  configure
[  648.4s] cmake/clang/release/noop/synth-20x3/modules-impl  seed build
[  648.8s] cmake/clang/release/noop/synth-20x3/modules-impl  run 1/3
[  649.5s] cmake/clang/release/noop/synth-20x3/modules-impl  run 2/3
[  650.2s] cmake/clang/release/noop/synth-20x3/modules-impl  run 3/3
cmake/clang/release/noop/synth-20x3/modules-impl     0.36s  (min 0.36 / max 0.36, n=3)
[  651.3s] cmake/clang/release/touch-hub/synth-20x3/modules-impl  configure
[  651.8s] cmake/clang/release/touch-hub/synth-20x3/modules-impl  seed build
[  652.2s] cmake/clang/release/touch-hub/synth-20x3/modules-impl  run 1/3
[  660.1s] cmake/clang/release/touch-hub/synth-20x3/modules-impl  run 2/3
[  668.0s] cmake/clang/release/touch-hub/synth-20x3/modules-impl  run 3/3
cmake/clang/release/touch-hub/synth-20x3/modules-impl     7.54s  (min 7.51 / max 7.64, n=3)
[  676.3s] cmake/clang/release/touch-leaf/synth-20x3/modules-impl  configure
[  676.8s] cmake/clang/release/touch-leaf/synth-20x3/modules-impl  seed build
[  677.2s] cmake/clang/release/touch-leaf/synth-20x3/modules-impl  run 1/3
[  679.0s] cmake/clang/release/touch-leaf/synth-20x3/modules-impl  run 2/3
[  680.7s] cmake/clang/release/touch-leaf/synth-20x3/modules-impl  run 3/3
cmake/clang/release/touch-leaf/synth-20x3/modules-impl     1.40s  (min 1.39 / max 1.41, n=3)
[  682.8s] cmake/clang/release/edit-body/synth-20x3/modules-impl  configure
[  683.3s] cmake/clang/release/edit-body/synth-20x3/modules-impl  seed build
[  683.7s] cmake/clang/release/edit-body/synth-20x3/modules-impl  run 1/3
[  685.1s] cmake/clang/release/edit-body/synth-20x3/modules-impl  run 2/3
[  686.5s] cmake/clang/release/edit-body/synth-20x3/modules-impl  run 3/3
cmake/clang/release/edit-body/synth-20x3/modules-impl     1.04s  (min 1.02 / max 1.04, n=3)
[  688.2s] cmake/clang/release/edit-comment/synth-20x3/modules-impl  configure
[  688.7s] cmake/clang/release/edit-comment/synth-20x3/modules-impl  seed build
[  689.8s] cmake/clang/release/edit-comment/synth-20x3/modules-impl  run 1/3
[  697.7s] cmake/clang/release/edit-comment/synth-20x3/modules-impl  run 2/3
[  705.5s] cmake/clang/release/edit-comment/synth-20x3/modules-impl  run 3/3
cmake/clang/release/edit-comment/synth-20x3/modules-impl     7.57s  (min 7.51 / max 7.62, n=3)
[  713.9s] xmake/clang/release/cold/synth-20x3/headers  configure
[  714.3s] xmake/clang/release/cold/synth-20x3/headers  seed build
[  716.1s] xmake/clang/release/cold/synth-20x3/headers  run 1/3
[  717.9s] xmake/clang/release/cold/synth-20x3/headers  run 2/3
[  719.9s] xmake/clang/release/cold/synth-20x3/headers  run 3/3
xmake/clang/release/cold/synth-20x3/headers     1.55s  (min 1.53 / max 1.75, n=3)
[  721.8s] xmake/clang/release/noop/synth-20x3/headers  configure
[  722.1s] xmake/clang/release/noop/synth-20x3/headers  seed build
[  722.4s] xmake/clang/release/noop/synth-20x3/headers  run 1/3
[  722.9s] xmake/clang/release/noop/synth-20x3/headers  run 2/3
[  723.4s] xmake/clang/release/noop/synth-20x3/headers  run 3/3
xmake/clang/release/noop/synth-20x3/headers     0.30s  (min 0.30 / max 0.30, n=3)
[  724.1s] xmake/clang/release/touch-hub/synth-20x3/headers  configure
[  724.4s] xmake/clang/release/touch-hub/synth-20x3/headers  seed build
[  724.7s] xmake/clang/release/touch-hub/synth-20x3/headers  run 1/3
[  726.2s] xmake/clang/release/touch-hub/synth-20x3/headers  run 2/3
[  726.7s] xmake/clang/release/touch-hub/synth-20x3/headers  run 3/3
xmake/clang/release/touch-hub/synth-20x3/headers     1.22s  (min 0.34 / max 1.25, n=3)
[  728.3s] xmake/clang/release/touch-leaf/synth-20x3/headers  configure
[  728.6s] xmake/clang/release/touch-leaf/synth-20x3/headers  seed build
[  728.9s] xmake/clang/release/touch-leaf/synth-20x3/headers  run 1/3
[  729.9s] xmake/clang/release/touch-leaf/synth-20x3/headers  run 2/3
[  730.4s] xmake/clang/release/touch-leaf/synth-20x3/headers  run 3/3
xmake/clang/release/touch-leaf/synth-20x3/headers     0.76s  (min 0.32 / max 0.78, n=3)
[  731.6s] xmake/clang/release/edit-body/synth-20x3/headers  configure
[  731.9s] xmake/clang/release/edit-body/synth-20x3/headers  seed build
[  732.2s] xmake/clang/release/edit-body/synth-20x3/headers  run 1/3
[  733.2s] xmake/clang/release/edit-body/synth-20x3/headers  run 2/3
[  733.7s] xmake/clang/release/edit-body/synth-20x3/headers  run 3/3
xmake/clang/release/edit-body/synth-20x3/headers     0.76s  (min 0.30 / max 0.78, n=3)
[  734.9s] xmake/clang/release/edit-comment/synth-20x3/headers  configure
[  735.2s] xmake/clang/release/edit-comment/synth-20x3/headers  seed build
[  735.5s] xmake/clang/release/edit-comment/synth-20x3/headers  run 1/3
[  736.9s] xmake/clang/release/edit-comment/synth-20x3/headers  run 2/3
[  738.0s] xmake/clang/release/edit-comment/synth-20x3/headers  run 3/3
xmake/clang/release/edit-comment/synth-20x3/headers     1.24s  (min 0.80 / max 1.26, n=3)
[  739.8s] xmake/clang/release/cold/synth-20x3/modules  configure
[  740.2s] xmake/clang/release/cold/synth-20x3/modules  seed build
[  767.5s] xmake/clang/release/cold/synth-20x3/modules  run 1/3
[  794.9s] xmake/clang/release/cold/synth-20x3/modules  run 2/3
[  821.9s] xmake/clang/release/cold/synth-20x3/modules  run 3/3
xmake/clang/release/cold/synth-20x3/modules    26.77s  (min 26.69 / max 27.15, n=3)
[  849.1s] xmake/clang/release/noop/synth-20x3/modules  configure
[  849.3s] xmake/clang/release/noop/synth-20x3/modules  seed build
[  849.7s] xmake/clang/release/noop/synth-20x3/modules  run 1/3
[  850.2s] xmake/clang/release/noop/synth-20x3/modules  run 2/3
[  850.8s] xmake/clang/release/noop/synth-20x3/modules  run 3/3
xmake/clang/release/noop/synth-20x3/modules     0.32s  (min 0.32 / max 0.34, n=3)
[  851.5s] xmake/clang/release/touch-hub/synth-20x3/modules  configure
[  851.8s] xmake/clang/release/touch-hub/synth-20x3/modules  seed build
[  852.1s] xmake/clang/release/touch-hub/synth-20x3/modules  run 1/3
[  878.7s] xmake/clang/release/touch-hub/synth-20x3/modules  run 2/3
[  905.9s] xmake/clang/release/touch-hub/synth-20x3/modules  run 3/3
xmake/clang/release/touch-hub/synth-20x3/modules    27.00s  (min 26.43 / max 27.24, n=3)
[  933.6s] xmake/clang/release/touch-leaf/synth-20x3/modules  configure
[  933.9s] xmake/clang/release/touch-leaf/synth-20x3/modules  seed build
[  934.2s] xmake/clang/release/touch-leaf/synth-20x3/modules  run 1/3
[  937.5s] xmake/clang/release/touch-leaf/synth-20x3/modules  run 2/3
[  940.8s] xmake/clang/release/touch-leaf/synth-20x3/modules  run 3/3
xmake/clang/release/touch-leaf/synth-20x3/modules     3.03s  (min 3.03 / max 3.11, n=3)
[  944.2s] xmake/clang/release/edit-body/synth-20x3/modules  configure
[  944.5s] xmake/clang/release/edit-body/synth-20x3/modules  seed build
[  944.8s] xmake/clang/release/edit-body/synth-20x3/modules  run 1/3
[  972.0s] xmake/clang/release/edit-body/synth-20x3/modules  run 2/3
[  998.8s] xmake/clang/release/edit-body/synth-20x3/modules  run 3/3
xmake/clang/release/edit-body/synth-20x3/modules    26.92s  (min 26.68 / max 27.08, n=3)
[ 1026.4s] xmake/clang/release/edit-comment/synth-20x3/modules  configure
[ 1026.7s] xmake/clang/release/edit-comment/synth-20x3/modules  seed build
[ 1053.9s] xmake/clang/release/edit-comment/synth-20x3/modules  run 1/3
[ 1080.9s] xmake/clang/release/edit-comment/synth-20x3/modules  run 2/3
[ 1107.7s] xmake/clang/release/edit-comment/synth-20x3/modules  run 3/3
xmake/clang/release/edit-comment/synth-20x3/modules    26.85s  (min 26.55 / max 26.86, n=3)
[ 1135.2s] xmake/clang/release/cold/synth-20x3/modules-impl  configure
[ 1135.5s] xmake/clang/release/cold/synth-20x3/modules-impl  seed build
[ 1163.9s] xmake/clang/release/cold/synth-20x3/modules-impl  run 1/3
[ 1192.1s] xmake/clang/release/cold/synth-20x3/modules-impl  run 2/3
[ 1220.6s] xmake/clang/release/cold/synth-20x3/modules-impl  run 3/3
xmake/clang/release/cold/synth-20x3/modules-impl    28.00s  (min 28.00 / max 28.26, n=3)
[ 1249.1s] xmake/clang/release/noop/synth-20x3/modules-impl  configure
[ 1249.3s] xmake/clang/release/noop/synth-20x3/modules-impl  seed build
[ 1249.7s] xmake/clang/release/noop/synth-20x3/modules-impl  run 1/3
[ 1250.2s] xmake/clang/release/noop/synth-20x3/modules-impl  run 2/3
[ 1250.8s] xmake/clang/release/noop/synth-20x3/modules-impl  run 3/3
xmake/clang/release/noop/synth-20x3/modules-impl     0.34s  (min 0.34 / max 0.34, n=3)
[ 1251.5s] xmake/clang/release/touch-hub/synth-20x3/modules-impl  configure
[ 1251.8s] xmake/clang/release/touch-hub/synth-20x3/modules-impl  seed build
[ 1252.1s] xmake/clang/release/touch-hub/synth-20x3/modules-impl  run 1/3
[ 1279.9s] xmake/clang/release/touch-hub/synth-20x3/modules-impl  run 2/3
[ 1307.4s] xmake/clang/release/touch-hub/synth-20x3/modules-impl  run 3/3
xmake/clang/release/touch-hub/synth-20x3/modules-impl    27.51s  (min 27.27 / max 27.57, n=3)
[ 1335.3s] xmake/clang/release/touch-leaf/synth-20x3/modules-impl  configure
[ 1335.6s] xmake/clang/release/touch-leaf/synth-20x3/modules-impl  seed build
[ 1335.9s] xmake/clang/release/touch-leaf/synth-20x3/modules-impl  run 1/3
[ 1339.5s] xmake/clang/release/touch-leaf/synth-20x3/modules-impl  run 2/3
[ 1343.1s] xmake/clang/release/touch-leaf/synth-20x3/modules-impl  run 3/3
xmake/clang/release/touch-leaf/synth-20x3/modules-impl     3.39s  (min 3.35 / max 3.47, n=3)
[ 1347.0s] xmake/clang/release/edit-body/synth-20x3/modules-impl  configure
[ 1347.2s] xmake/clang/release/edit-body/synth-20x3/modules-impl  seed build
[ 1347.6s] xmake/clang/release/edit-body/synth-20x3/modules-impl  run 1/3
[ 1348.6s] xmake/clang/release/edit-body/synth-20x3/modules-impl  run 2/3
[ 1349.2s] xmake/clang/release/edit-body/synth-20x3/modules-impl  run 3/3
xmake/clang/release/edit-body/synth-20x3/modules-impl     0.34s  (min 0.34 / max 0.86, n=3)
[ 1349.9s] xmake/clang/release/edit-comment/synth-20x3/modules-impl  configure
[ 1350.2s] xmake/clang/release/edit-comment/synth-20x3/modules-impl  seed build
[ 1351.1s] xmake/clang/release/edit-comment/synth-20x3/modules-impl  run 1/3
[ 1378.9s] xmake/clang/release/edit-comment/synth-20x3/modules-impl  run 2/3
[ 1407.1s] xmake/clang/release/edit-comment/synth-20x3/modules-impl  run 3/3
xmake/clang/release/edit-comment/synth-20x3/modules-impl    27.62s  (min 27.58 / max 27.96, n=3)
[ 1449.1s] bazel/clang/release/cold/synth-20x3/headers  configure
[ 1449.1s] bazel/clang/release/cold/synth-20x3/headers  seed build
[ 1452.3s] bazel/clang/release/cold/synth-20x3/headers  run 1/3
[ 1454.4s] bazel/clang/release/cold/synth-20x3/headers  run 2/3
[ 1456.3s] bazel/clang/release/cold/synth-20x3/headers  run 3/3
bazel/clang/release/cold/synth-20x3/headers     1.41s  (min 1.37 / max 1.69, n=3)
[ 1458.6s] bazel/clang/release/noop/synth-20x3/headers  configure
[ 1458.6s] bazel/clang/release/noop/synth-20x3/headers  seed build
[ 1458.9s] bazel/clang/release/noop/synth-20x3/headers  run 1/3
[ 1459.3s] bazel/clang/release/noop/synth-20x3/headers  run 2/3
[ 1459.7s] bazel/clang/release/noop/synth-20x3/headers  run 3/3
bazel/clang/release/noop/synth-20x3/headers     0.24s  (min 0.22 / max 0.24, n=3)
[ 1460.5s] bazel/clang/release/touch-hub/synth-20x3/headers  configure
[ 1460.5s] bazel/clang/release/touch-hub/synth-20x3/headers  seed build
[ 1460.7s] bazel/clang/release/touch-hub/synth-20x3/headers  run 1/3
[ 1461.1s] bazel/clang/release/touch-hub/synth-20x3/headers  run 2/3
[ 1461.6s] bazel/clang/release/touch-hub/synth-20x3/headers  run 3/3
bazel/clang/release/touch-hub/synth-20x3/headers     0.24s  (min 0.24 / max 0.24, n=3)
[ 1462.4s] bazel/clang/release/touch-leaf/synth-20x3/headers  configure
[ 1462.4s] bazel/clang/release/touch-leaf/synth-20x3/headers  seed build
[ 1462.6s] bazel/clang/release/touch-leaf/synth-20x3/headers  run 1/3
[ 1463.0s] bazel/clang/release/touch-leaf/synth-20x3/headers  run 2/3
[ 1463.4s] bazel/clang/release/touch-leaf/synth-20x3/headers  run 3/3
bazel/clang/release/touch-leaf/synth-20x3/headers     0.22s  (min 0.22 / max 0.22, n=3)
[ 1464.2s] bazel/clang/release/edit-body/synth-20x3/headers  configure
[ 1464.2s] bazel/clang/release/edit-body/synth-20x3/headers  seed build
[ 1464.4s] bazel/clang/release/edit-body/synth-20x3/headers  run 1/3
[ 1465.3s] bazel/clang/release/edit-body/synth-20x3/headers  run 2/3
[ 1466.2s] bazel/clang/release/edit-body/synth-20x3/headers  run 3/3
bazel/clang/release/edit-body/synth-20x3/headers     0.70s  (min 0.70 / max 0.70, n=3)
[ 1467.4s] bazel/clang/release/edit-comment/synth-20x3/headers  configure
[ 1467.4s] bazel/clang/release/edit-comment/synth-20x3/headers  seed build
[ 1468.1s] bazel/clang/release/edit-comment/synth-20x3/headers  run 1/3
[ 1469.5s] bazel/clang/release/edit-comment/synth-20x3/headers  run 2/3
[ 1470.9s] bazel/clang/release/edit-comment/synth-20x3/headers  run 3/3
bazel/clang/release/edit-comment/synth-20x3/headers     1.20s  (min 1.18 / max 1.22, n=3)
[ 1485.8s] bazel/clang/release/cold/synth-20x3/modules  configure
[ 1485.8s] bazel/clang/release/cold/synth-20x3/modules  seed build
[ 1498.4s] bazel/clang/release/cold/synth-20x3/modules  run 1/3
[ 1509.5s] bazel/clang/release/cold/synth-20x3/modules  run 2/3
[ 1520.6s] bazel/clang/release/cold/synth-20x3/modules  run 3/3
bazel/clang/release/cold/synth-20x3/modules    10.59s  (min 10.55 / max 10.66, n=3)
[ 1532.0s] bazel/clang/release/noop/synth-20x3/modules  configure
[ 1532.0s] bazel/clang/release/noop/synth-20x3/modules  seed build
[ 1532.2s] bazel/clang/release/noop/synth-20x3/modules  run 1/3
[ 1532.6s] bazel/clang/release/noop/synth-20x3/modules  run 2/3
[ 1533.0s] bazel/clang/release/noop/synth-20x3/modules  run 3/3
bazel/clang/release/noop/synth-20x3/modules     0.24s  (min 0.22 / max 0.24, n=3)
[ 1533.8s] bazel/clang/release/touch-hub/synth-20x3/modules  configure
[ 1533.8s] bazel/clang/release/touch-hub/synth-20x3/modules  seed build
[ 1534.1s] bazel/clang/release/touch-hub/synth-20x3/modules  run 1/3
[ 1534.5s] bazel/clang/release/touch-hub/synth-20x3/modules  run 2/3
[ 1534.8s] bazel/clang/release/touch-hub/synth-20x3/modules  run 3/3
bazel/clang/release/touch-hub/synth-20x3/modules     0.22s  (min 0.22 / max 0.22, n=3)
[ 1535.6s] bazel/clang/release/touch-leaf/synth-20x3/modules  configure
[ 1535.6s] bazel/clang/release/touch-leaf/synth-20x3/modules  seed build
[ 1535.9s] bazel/clang/release/touch-leaf/synth-20x3/modules  run 1/3
[ 1536.3s] bazel/clang/release/touch-leaf/synth-20x3/modules  run 2/3
[ 1536.7s] bazel/clang/release/touch-leaf/synth-20x3/modules  run 3/3
bazel/clang/release/touch-leaf/synth-20x3/modules     0.22s  (min 0.22 / max 0.24, n=3)
[ 1537.4s] bazel/clang/release/edit-body/synth-20x3/modules  configure
[ 1537.4s] bazel/clang/release/edit-body/synth-20x3/modules  seed build
[ 1537.7s] bazel/clang/release/edit-body/synth-20x3/modules  run 1/3
[ 1548.3s] bazel/clang/release/edit-body/synth-20x3/modules  run 2/3
[ 1558.9s] bazel/clang/release/edit-body/synth-20x3/modules  run 3/3
bazel/clang/release/edit-body/synth-20x3/modules    10.45s  (min 10.37 / max 10.46, n=3)
[ 1569.9s] bazel/clang/release/edit-comment/synth-20x3/modules  configure
[ 1569.9s] bazel/clang/release/edit-comment/synth-20x3/modules  seed build
[ 1580.1s] bazel/clang/release/edit-comment/synth-20x3/modules  run 1/3
[ 1590.6s] bazel/clang/release/edit-comment/synth-20x3/modules  run 2/3
[ 1601.2s] bazel/clang/release/edit-comment/synth-20x3/modules  run 3/3
bazel/clang/release/edit-comment/synth-20x3/modules    10.30s  (min 10.30 / max 10.41, n=3)
[ 1624.6s] bazel/clang/release/cold/synth-20x3/modules-impl  configure
[ 1624.6s] bazel/clang/release/cold/synth-20x3/modules-impl  seed build
[ 1634.5s] bazel/clang/release/cold/synth-20x3/modules-impl  run 1/3
[ 1643.3s] bazel/clang/release/cold/synth-20x3/modules-impl  run 2/3
[ 1652.3s] bazel/clang/release/cold/synth-20x3/modules-impl  run 3/3
bazel/clang/release/cold/synth-20x3/modules-impl     8.31s  (min 8.21 / max 8.39, n=3)
[ 1661.4s] bazel/clang/release/noop/synth-20x3/modules-impl  configure
[ 1661.4s] bazel/clang/release/noop/synth-20x3/modules-impl  seed build
[ 1661.6s] bazel/clang/release/noop/synth-20x3/modules-impl  run 1/3
[ 1662.0s] bazel/clang/release/noop/synth-20x3/modules-impl  run 2/3
[ 1662.4s] bazel/clang/release/noop/synth-20x3/modules-impl  run 3/3
bazel/clang/release/noop/synth-20x3/modules-impl     0.22s  (min 0.22 / max 0.24, n=3)
[ 1663.2s] bazel/clang/release/touch-hub/synth-20x3/modules-impl  configure
[ 1663.2s] bazel/clang/release/touch-hub/synth-20x3/modules-impl  seed build
[ 1663.5s] bazel/clang/release/touch-hub/synth-20x3/modules-impl  run 1/3
[ 1663.9s] bazel/clang/release/touch-hub/synth-20x3/modules-impl  run 2/3
[ 1664.3s] bazel/clang/release/touch-hub/synth-20x3/modules-impl  run 3/3
bazel/clang/release/touch-hub/synth-20x3/modules-impl     0.22s  (min 0.22 / max 0.24, n=3)
[ 1665.0s] bazel/clang/release/touch-leaf/synth-20x3/modules-impl  configure
[ 1665.0s] bazel/clang/release/touch-leaf/synth-20x3/modules-impl  seed build
[ 1665.3s] bazel/clang/release/touch-leaf/synth-20x3/modules-impl  run 1/3
[ 1665.7s] bazel/clang/release/touch-leaf/synth-20x3/modules-impl  run 2/3
[ 1666.1s] bazel/clang/release/touch-leaf/synth-20x3/modules-impl  run 3/3
bazel/clang/release/touch-leaf/synth-20x3/modules-impl     0.22s  (min 0.22 / max 0.24, n=3)
[ 1666.9s] bazel/clang/release/edit-body/synth-20x3/modules-impl  configure
[ 1666.9s] bazel/clang/release/edit-body/synth-20x3/modules-impl  seed build
[ 1667.1s] bazel/clang/release/edit-body/synth-20x3/modules-impl  run 1/3
[ 1668.0s] bazel/clang/release/edit-body/synth-20x3/modules-impl  run 2/3
[ 1668.9s] bazel/clang/release/edit-body/synth-20x3/modules-impl  run 3/3
bazel/clang/release/edit-body/synth-20x3/modules-impl     0.72s  (min 0.72 / max 0.74, n=3)
[ 1670.2s] bazel/clang/release/edit-comment/synth-20x3/modules-impl  configure
[ 1670.2s] bazel/clang/release/edit-comment/synth-20x3/modules-impl  seed build
[ 1671.0s] bazel/clang/release/edit-comment/synth-20x3/modules-impl  run 1/3
[ 1678.9s] bazel/clang/release/edit-comment/synth-20x3/modules-impl  run 2/3
[ 1687.0s] bazel/clang/release/edit-comment/synth-20x3/modules-impl  run 3/3
bazel/clang/release/edit-comment/synth-20x3/modules-impl     7.91s  (min 7.75 / max 8.27, n=3)

=== relative to cmake (>1.00 = slower than the baseline) ===

-- headers / cold --
   mcpp@2026.8.13.1           1.18s    0.30x
   mcpp@2026.8.11.3           1.26s    0.32x
   cmake                      3.91s    1.00x   <- baseline
   xmake                      1.55s    0.39x
   bazel                      1.41s    0.36x

-- headers / noop --
   mcpp@2026.8.13.1           0.18s    0.50x
   mcpp@2026.8.11.3           0.18s    0.50x
   cmake                      0.36s    1.00x   <- baseline
   xmake                      0.30s    0.83x
   bazel                      0.24s    0.67x

-- headers / touch-hub --
   mcpp@2026.8.13.1           1.12s    0.74x
   mcpp@2026.8.11.3           1.22s    0.80x
   cmake                      1.53s    1.00x   <- baseline
   xmake                      1.22s    0.80x
   bazel                      0.24s    0.16x

-- headers / touch-leaf --
   mcpp@2026.8.13.1           0.72s    0.71x
   mcpp@2026.8.11.3           0.76s    0.75x
   cmake                      1.02s    1.00x   <- baseline
   xmake                      0.76s    0.75x
   bazel                      0.22s    0.22x

-- headers / edit-body --
   mcpp@2026.8.13.1           0.68s    0.65x
   mcpp@2026.8.11.3           0.75s    0.71x
   cmake                      1.04s    1.00x   <- baseline
   xmake                      0.76s    0.73x
   bazel                      0.70s    0.67x

-- headers / edit-comment --
   mcpp@2026.8.13.1           1.16s    0.77x
   mcpp@2026.8.11.3           1.26s    0.84x
   cmake                      1.51s    1.00x   <- baseline
   xmake                      1.24s    0.83x
   bazel                      1.20s    0.80x

-- modules / cold --
   mcpp@2026.8.13.1           9.77s    0.77x
   mcpp@2026.8.11.3           9.89s    0.78x
   cmake                     12.72s    1.00x   <- baseline
   xmake                     26.77s    2.11x
   bazel                     10.59s    0.83x

-- modules / noop --
   mcpp@2026.8.13.1           0.20s    0.55x
   mcpp@2026.8.11.3           0.18s    0.50x
   cmake                      0.36s    1.00x   <- baseline
   xmake                      0.32s    0.89x
   bazel                      0.24s    0.67x

-- modules / touch-hub --
   mcpp@2026.8.13.1           0.84s    0.08x
   mcpp@2026.8.11.3           0.92s    0.09x
   cmake                     10.06s    1.00x   <- baseline
   xmake                     27.00s    2.68x
   bazel                      0.22s    0.02x

-- modules / touch-leaf --
   mcpp@2026.8.13.1           0.76s    0.67x
   mcpp@2026.8.11.3           0.82s    0.72x
   cmake                      1.14s    1.00x   <- baseline
   xmake                      3.03s    2.65x
   bazel                      0.22s    0.19x

-- modules / edit-body --
   mcpp@2026.8.13.1          10.16s    1.01x
   mcpp@2026.8.11.3          10.01s    0.99x
   cmake                     10.07s    1.00x   <- baseline
   xmake                     26.92s    2.67x
   bazel                     10.45s    1.04x

-- modules / edit-comment --
   mcpp@2026.8.13.1          10.05s    1.00x
   mcpp@2026.8.11.3          10.02s    1.00x
   cmake                     10.05s    1.00x   <- baseline
   xmake                     26.85s    2.67x
   bazel                     10.30s    1.02x

-- modules-impl / cold --
   mcpp@2026.8.13.1           7.27s    0.72x
   mcpp@2026.8.11.3           7.55s    0.75x
   cmake                     10.10s    1.00x   <- baseline
   xmake                     28.00s    2.77x
   bazel                      8.31s    0.82x

-- modules-impl / noop --
   mcpp@2026.8.13.1           0.18s    0.50x
   mcpp@2026.8.11.3           0.18s    0.50x
   cmake                      0.36s    1.00x   <- baseline
   xmake                      0.34s    0.94x
   bazel                      0.22s    0.61x

-- modules-impl / touch-hub --
   mcpp@2026.8.13.1           0.54s    0.07x
   mcpp@2026.8.11.3           0.60s    0.08x
   cmake                      7.54s    1.00x   <- baseline
   xmake                     27.51s    3.65x
   bazel                      0.22s    0.03x

-- modules-impl / touch-leaf --
   mcpp@2026.8.13.1           0.60s    0.43x
   mcpp@2026.8.11.3           0.66s    0.47x
   cmake                      1.40s    1.00x   <- baseline
   xmake                      3.39s    2.41x
   bazel                      0.22s    0.16x

-- modules-impl / edit-body --
   mcpp@2026.8.13.1           0.68s    0.65x
   mcpp@2026.8.11.3           0.76s    0.73x
   cmake                      1.04s    1.00x   <- baseline
   xmake                      0.34s    0.33x
   bazel                      0.72s    0.69x

-- modules-impl / edit-comment --
   mcpp@2026.8.13.1           7.43s    0.98x
   mcpp@2026.8.11.3           7.41s    0.98x
   cmake                      7.57s    1.00x   <- baseline
   xmake                     27.62s    3.65x
   bazel                      7.91s    1.04x

report : /home/speak/workspace/github/mcpp-community/mcpp/bench/results/standard-20260814-linux-x86_64/clang-fixture.json
cells  : 90 ok, 0 failed, 0 not applicable
