payload: payload:gcc → /home/speak/.mcpp/registry/data/xpkgs/xim-x-gcc/16.1.0/bin/g++
run id : 2c93b9dc (fresh)
host   : linux x86_64 · 13th Gen Intel(R) Core(TM) i9-13900K · 32 logical / 24 physical (heterogeneous)
project: /home/speak/workspace/github/mcpp-community/mcpp/bench/projects/mcpp/mcpp-2026.8.11.3 (measured in place)

[    0.0s] mcpp@2026.8.13.1/gcc/release/cold/mcpp-2026.8.11.3/modules  configure
[    0.0s] mcpp@2026.8.13.1/gcc/release/cold/mcpp-2026.8.11.3/modules  seed build
[   86.2s] mcpp@2026.8.13.1/gcc/release/cold/mcpp-2026.8.11.3/modules  run 1/3
[  174.2s] mcpp@2026.8.13.1/gcc/release/cold/mcpp-2026.8.11.3/modules  run 2/3
[  260.9s] mcpp@2026.8.13.1/gcc/release/cold/mcpp-2026.8.11.3/modules  run 3/3
mcpp@2026.8.13.1/gcc/release/cold/mcpp-2026.8.11.3/modules    86.69s  (min 84.79 / max 87.92, n=3)
[  345.7s] mcpp@2026.8.13.1/gcc/release/noop/mcpp-2026.8.11.3/modules  configure
[  345.7s] mcpp@2026.8.13.1/gcc/release/noop/mcpp-2026.8.11.3/modules  seed build
[  345.8s] mcpp@2026.8.13.1/gcc/release/noop/mcpp-2026.8.11.3/modules  run 1/3
[  346.0s] mcpp@2026.8.13.1/gcc/release/noop/mcpp-2026.8.11.3/modules  run 2/3
[  346.2s] mcpp@2026.8.13.1/gcc/release/noop/mcpp-2026.8.11.3/modules  run 3/3
mcpp@2026.8.13.1/gcc/release/noop/mcpp-2026.8.11.3/modules     0.16s  (min 0.16 / max 0.16, n=3)
[  346.3s] mcpp@2026.8.13.1/gcc/release/touch-hub/mcpp-2026.8.11.3/modules  configure
[  346.3s] mcpp@2026.8.13.1/gcc/release/touch-hub/mcpp-2026.8.11.3/modules  seed build
[  346.5s] mcpp@2026.8.13.1/gcc/release/touch-hub/mcpp-2026.8.11.3/modules  run 1/3
[  346.9s] mcpp@2026.8.13.1/gcc/release/touch-hub/mcpp-2026.8.11.3/modules  run 2/3
[  347.3s] mcpp@2026.8.13.1/gcc/release/touch-hub/mcpp-2026.8.11.3/modules  run 3/3
mcpp@2026.8.13.1/gcc/release/touch-hub/mcpp-2026.8.11.3/modules     0.42s  (min 0.38 / max 0.42, n=3)
[  347.7s] mcpp@2026.8.13.1/gcc/release/edit-body/mcpp-2026.8.11.3/modules  configure
[  347.7s] mcpp@2026.8.13.1/gcc/release/edit-body/mcpp-2026.8.11.3/modules  seed build
[  347.9s] mcpp@2026.8.13.1/gcc/release/edit-body/mcpp-2026.8.11.3/modules  run 1/3
[  429.2s] mcpp@2026.8.13.1/gcc/release/edit-body/mcpp-2026.8.11.3/modules  run 2/3
[  510.0s] mcpp@2026.8.13.1/gcc/release/edit-body/mcpp-2026.8.11.3/modules  run 3/3
mcpp@2026.8.13.1/gcc/release/edit-body/mcpp-2026.8.11.3/modules    80.87s  (min 80.73 / max 81.35, n=3)
[  590.8s] mcpp@2026.8.13.1/gcc/release/edit-comment/mcpp-2026.8.11.3/modules  configure
[  590.8s] mcpp@2026.8.13.1/gcc/release/edit-comment/mcpp-2026.8.11.3/modules  seed build
[  671.8s] mcpp@2026.8.13.1/gcc/release/edit-comment/mcpp-2026.8.11.3/modules  run 1/3
[  672.2s] mcpp@2026.8.13.1/gcc/release/edit-comment/mcpp-2026.8.11.3/modules  run 2/3
[  672.6s] mcpp@2026.8.13.1/gcc/release/edit-comment/mcpp-2026.8.11.3/modules  run 3/3
mcpp@2026.8.13.1/gcc/release/edit-comment/mcpp-2026.8.11.3/modules     0.40s  (min 0.38 / max 0.40, n=3)
[  673.0s] mcpp@2026.8.11.3/gcc/release/cold/mcpp-2026.8.11.3/modules  configure
[  673.0s] mcpp@2026.8.11.3/gcc/release/cold/mcpp-2026.8.11.3/modules  seed build
[  759.7s] mcpp@2026.8.11.3/gcc/release/cold/mcpp-2026.8.11.3/modules  run 1/3
[  845.8s] mcpp@2026.8.11.3/gcc/release/cold/mcpp-2026.8.11.3/modules  run 2/3
[  932.6s] mcpp@2026.8.11.3/gcc/release/cold/mcpp-2026.8.11.3/modules  run 3/3
mcpp@2026.8.11.3/gcc/release/cold/mcpp-2026.8.11.3/modules    86.75s  (min 86.00 / max 86.83, n=3)
[ 1019.4s] mcpp@2026.8.11.3/gcc/release/noop/mcpp-2026.8.11.3/modules  configure
[ 1019.4s] mcpp@2026.8.11.3/gcc/release/noop/mcpp-2026.8.11.3/modules  seed build
[ 1019.7s] mcpp@2026.8.11.3/gcc/release/noop/mcpp-2026.8.11.3/modules  run 1/3
[ 1019.9s] mcpp@2026.8.11.3/gcc/release/noop/mcpp-2026.8.11.3/modules  run 2/3
[ 1020.2s] mcpp@2026.8.11.3/gcc/release/noop/mcpp-2026.8.11.3/modules  run 3/3
mcpp@2026.8.11.3/gcc/release/noop/mcpp-2026.8.11.3/modules     0.24s  (min 0.24 / max 0.26, n=3)
[ 1020.4s] mcpp@2026.8.11.3/gcc/release/touch-hub/mcpp-2026.8.11.3/modules  configure
[ 1020.4s] mcpp@2026.8.11.3/gcc/release/touch-hub/mcpp-2026.8.11.3/modules  seed build
[ 1020.6s] mcpp@2026.8.11.3/gcc/release/touch-hub/mcpp-2026.8.11.3/modules  run 1/3
[ 1100.9s] mcpp@2026.8.11.3/gcc/release/touch-hub/mcpp-2026.8.11.3/modules  run 2/3
[ 1183.2s] mcpp@2026.8.11.3/gcc/release/touch-hub/mcpp-2026.8.11.3/modules  run 3/3
mcpp@2026.8.11.3/gcc/release/touch-hub/mcpp-2026.8.11.3/modules    81.72s  (min 80.24 / max 82.34, n=3)
[ 1265.0s] mcpp@2026.8.11.3/gcc/release/edit-body/mcpp-2026.8.11.3/modules  configure
[ 1265.0s] mcpp@2026.8.11.3/gcc/release/edit-body/mcpp-2026.8.11.3/modules  seed build
[ 1265.2s] mcpp@2026.8.11.3/gcc/release/edit-body/mcpp-2026.8.11.3/modules  run 1/3
[ 1346.4s] mcpp@2026.8.11.3/gcc/release/edit-body/mcpp-2026.8.11.3/modules  run 2/3
[ 1428.3s] mcpp@2026.8.11.3/gcc/release/edit-body/mcpp-2026.8.11.3/modules  run 3/3
mcpp@2026.8.11.3/gcc/release/edit-body/mcpp-2026.8.11.3/modules    81.19s  (min 81.00 / max 81.95, n=3)
[ 1509.3s] mcpp@2026.8.11.3/gcc/release/edit-comment/mcpp-2026.8.11.3/modules  configure
[ 1509.3s] mcpp@2026.8.11.3/gcc/release/edit-comment/mcpp-2026.8.11.3/modules  seed build
[ 1591.5s] mcpp@2026.8.11.3/gcc/release/edit-comment/mcpp-2026.8.11.3/modules  run 1/3
[ 1670.6s] mcpp@2026.8.11.3/gcc/release/edit-comment/mcpp-2026.8.11.3/modules  run 2/3
[ 1749.9s] mcpp@2026.8.11.3/gcc/release/edit-comment/mcpp-2026.8.11.3/modules  run 3/3
mcpp@2026.8.11.3/gcc/release/edit-comment/mcpp-2026.8.11.3/modules    79.11s  (min 75.10 / max 79.33, n=3)
[ 1825.0s] mcpp@2026.8.13.1+schedule=on/gcc/release/cold/mcpp-2026.8.11.3/modules  configure
[ 1825.0s] mcpp@2026.8.13.1+schedule=on/gcc/release/cold/mcpp-2026.8.11.3/modules  seed build
[ 1860.3s] mcpp@2026.8.13.1+schedule=on/gcc/release/cold/mcpp-2026.8.11.3/modules  run 1/3
[ 1896.3s] mcpp@2026.8.13.1+schedule=on/gcc/release/cold/mcpp-2026.8.11.3/modules  run 2/3
[ 1932.0s] mcpp@2026.8.13.1+schedule=on/gcc/release/cold/mcpp-2026.8.11.3/modules  run 3/3
mcpp@2026.8.13.1+schedule=on/gcc/release/cold/mcpp-2026.8.11.3/modules    35.73s  (min 35.20 / max 35.94, n=3)
[ 1967.2s] mcpp@2026.8.13.1+schedule=on/gcc/release/noop/mcpp-2026.8.11.3/modules  configure
[ 1967.2s] mcpp@2026.8.13.1+schedule=on/gcc/release/noop/mcpp-2026.8.11.3/modules  seed build
[ 1967.4s] mcpp@2026.8.13.1+schedule=on/gcc/release/noop/mcpp-2026.8.11.3/modules  run 1/3
[ 1967.6s] mcpp@2026.8.13.1+schedule=on/gcc/release/noop/mcpp-2026.8.11.3/modules  run 2/3
[ 1967.8s] mcpp@2026.8.13.1+schedule=on/gcc/release/noop/mcpp-2026.8.11.3/modules  run 3/3
mcpp@2026.8.13.1+schedule=on/gcc/release/noop/mcpp-2026.8.11.3/modules     0.18s  (min 0.16 / max 0.18, n=3)
[ 1968.0s] mcpp@2026.8.13.1+schedule=on/gcc/release/touch-hub/mcpp-2026.8.11.3/modules  configure
[ 1968.0s] mcpp@2026.8.13.1+schedule=on/gcc/release/touch-hub/mcpp-2026.8.11.3/modules  seed build
[ 1968.1s] mcpp@2026.8.13.1+schedule=on/gcc/release/touch-hub/mcpp-2026.8.11.3/modules  run 1/3
[ 1968.6s] mcpp@2026.8.13.1+schedule=on/gcc/release/touch-hub/mcpp-2026.8.11.3/modules  run 2/3
[ 1969.0s] mcpp@2026.8.13.1+schedule=on/gcc/release/touch-hub/mcpp-2026.8.11.3/modules  run 3/3
mcpp@2026.8.13.1+schedule=on/gcc/release/touch-hub/mcpp-2026.8.11.3/modules     0.42s  (min 0.40 / max 0.44, n=3)
[ 1969.4s] mcpp@2026.8.13.1+schedule=on/gcc/release/edit-body/mcpp-2026.8.11.3/modules  configure
[ 1969.4s] mcpp@2026.8.13.1+schedule=on/gcc/release/edit-body/mcpp-2026.8.11.3/modules  seed build
[ 1969.5s] mcpp@2026.8.13.1+schedule=on/gcc/release/edit-body/mcpp-2026.8.11.3/modules  run 1/3
[ 1999.5s] mcpp@2026.8.13.1+schedule=on/gcc/release/edit-body/mcpp-2026.8.11.3/modules  run 2/3
[ 2029.3s] mcpp@2026.8.13.1+schedule=on/gcc/release/edit-body/mcpp-2026.8.11.3/modules  run 3/3
mcpp@2026.8.13.1+schedule=on/gcc/release/edit-body/mcpp-2026.8.11.3/modules    29.83s  (min 29.37 / max 29.95, n=3)
[ 2058.7s] mcpp@2026.8.13.1+schedule=on/gcc/release/edit-comment/mcpp-2026.8.11.3/modules  configure
[ 2058.7s] mcpp@2026.8.13.1+schedule=on/gcc/release/edit-comment/mcpp-2026.8.11.3/modules  seed build
[ 2088.2s] mcpp@2026.8.13.1+schedule=on/gcc/release/edit-comment/mcpp-2026.8.11.3/modules  run 1/3
[ 2088.6s] mcpp@2026.8.13.1+schedule=on/gcc/release/edit-comment/mcpp-2026.8.11.3/modules  run 2/3
[ 2089.0s] mcpp@2026.8.13.1+schedule=on/gcc/release/edit-comment/mcpp-2026.8.11.3/modules  run 3/3
mcpp@2026.8.13.1+schedule=on/gcc/release/edit-comment/mcpp-2026.8.11.3/modules     0.40s  (min 0.40 / max 0.40, n=3)
[ 2090.3s] cmake/gcc/release/cold/mcpp-2026.8.11.3/modules  configure
[ 2091.6s] cmake/gcc/release/cold/mcpp-2026.8.11.3/modules  seed build
[ 2182.5s] cmake/gcc/release/cold/mcpp-2026.8.11.3/modules  run 1/3
[ 2275.2s] cmake/gcc/release/cold/mcpp-2026.8.11.3/modules  run 2/3
[ 2367.4s] cmake/gcc/release/cold/mcpp-2026.8.11.3/modules  run 3/3
cmake/gcc/release/cold/mcpp-2026.8.11.3/modules    91.74s  (min 91.59 / max 92.34, n=3)
[ 2459.7s] cmake/gcc/release/noop/mcpp-2026.8.11.3/modules  configure
[ 2460.2s] cmake/gcc/release/noop/mcpp-2026.8.11.3/modules  seed build
[ 2460.6s] cmake/gcc/release/noop/mcpp-2026.8.11.3/modules  run 1/3
[ 2461.2s] cmake/gcc/release/noop/mcpp-2026.8.11.3/modules  run 2/3
[ 2461.9s] cmake/gcc/release/noop/mcpp-2026.8.11.3/modules  run 3/3
cmake/gcc/release/noop/mcpp-2026.8.11.3/modules     0.32s  (min 0.30 / max 0.32, n=3)
[ 2462.9s] cmake/gcc/release/touch-hub/mcpp-2026.8.11.3/modules  configure
[ 2463.4s] cmake/gcc/release/touch-hub/mcpp-2026.8.11.3/modules  seed build
[ 2463.8s] cmake/gcc/release/touch-hub/mcpp-2026.8.11.3/modules  run 1/3
[ 2547.3s] cmake/gcc/release/touch-hub/mcpp-2026.8.11.3/modules  run 2/3
[ 2630.6s] cmake/gcc/release/touch-hub/mcpp-2026.8.11.3/modules  run 3/3
cmake/gcc/release/touch-hub/mcpp-2026.8.11.3/modules    83.21s  (min 82.88 / max 84.00, n=3)
[ 2715.2s] cmake/gcc/release/edit-body/mcpp-2026.8.11.3/modules  configure
[ 2715.8s] cmake/gcc/release/edit-body/mcpp-2026.8.11.3/modules  seed build
[ 2716.1s] cmake/gcc/release/edit-body/mcpp-2026.8.11.3/modules  run 1/3
[ 2801.3s] cmake/gcc/release/edit-body/mcpp-2026.8.11.3/modules  run 2/3
[ 2887.0s] cmake/gcc/release/edit-body/mcpp-2026.8.11.3/modules  run 3/3
cmake/gcc/release/edit-body/mcpp-2026.8.11.3/modules    85.30s  (min 84.85 / max 85.54, n=3)
[ 2973.2s] cmake/gcc/release/edit-comment/mcpp-2026.8.11.3/modules  configure
[ 2973.7s] cmake/gcc/release/edit-comment/mcpp-2026.8.11.3/modules  seed build
[ 3058.8s] cmake/gcc/release/edit-comment/mcpp-2026.8.11.3/modules  run 1/3
[ 3142.5s] cmake/gcc/release/edit-comment/mcpp-2026.8.11.3/modules  run 2/3
[ 3226.1s] cmake/gcc/release/edit-comment/mcpp-2026.8.11.3/modules  run 3/3
cmake/gcc/release/edit-comment/mcpp-2026.8.11.3/modules    83.21s  (min 82.37 / max 83.41, n=3)
[ 3309.2s] xmake/gcc/release/cold/mcpp-2026.8.11.3/modules  configure
[ 3309.6s] xmake/gcc/release/cold/mcpp-2026.8.11.3/modules  seed build
[ 3400.7s] xmake/gcc/release/cold/mcpp-2026.8.11.3/modules  run 1/3
[ 3491.8s] xmake/gcc/release/cold/mcpp-2026.8.11.3/modules  run 2/3
[ 3582.6s] xmake/gcc/release/cold/mcpp-2026.8.11.3/modules  run 3/3
xmake/gcc/release/cold/mcpp-2026.8.11.3/modules    90.54s  (min 89.72 / max 90.84, n=3)
[ 3672.7s] xmake/gcc/release/noop/mcpp-2026.8.11.3/modules  configure
[ 3673.0s] xmake/gcc/release/noop/mcpp-2026.8.11.3/modules  seed build
[ 3673.4s] xmake/gcc/release/noop/mcpp-2026.8.11.3/modules  run 1/3
[ 3674.0s] xmake/gcc/release/noop/mcpp-2026.8.11.3/modules  run 2/3
[ 3674.5s] xmake/gcc/release/noop/mcpp-2026.8.11.3/modules  run 3/3
xmake/gcc/release/noop/mcpp-2026.8.11.3/modules     0.38s  (min 0.38 / max 0.38, n=3)
[ 3675.3s] xmake/gcc/release/touch-hub/mcpp-2026.8.11.3/modules  configure
[ 3675.6s] xmake/gcc/release/touch-hub/mcpp-2026.8.11.3/modules  seed build
[ 3676.0s] xmake/gcc/release/touch-hub/mcpp-2026.8.11.3/modules  run 1/3
[ 3759.3s] xmake/gcc/release/touch-hub/mcpp-2026.8.11.3/modules  run 2/3
[ 3842.0s] xmake/gcc/release/touch-hub/mcpp-2026.8.11.3/modules  run 3/3
xmake/gcc/release/touch-hub/mcpp-2026.8.11.3/modules    82.48s  (min 82.28 / max 83.07, n=3)
[ 3924.7s] xmake/gcc/release/edit-body/mcpp-2026.8.11.3/modules  configure
[ 3925.0s] xmake/gcc/release/edit-body/mcpp-2026.8.11.3/modules  seed build
[ 3925.4s] xmake/gcc/release/edit-body/mcpp-2026.8.11.3/modules  run 1/3
[ 4009.9s] xmake/gcc/release/edit-body/mcpp-2026.8.11.3/modules  run 2/3
[ 4094.4s] xmake/gcc/release/edit-body/mcpp-2026.8.11.3/modules  run 3/3
xmake/gcc/release/edit-body/mcpp-2026.8.11.3/modules    84.33s  (min 84.28 / max 84.60, n=3)
[ 4179.4s] xmake/gcc/release/edit-comment/mcpp-2026.8.11.3/modules  configure
[ 4179.7s] xmake/gcc/release/edit-comment/mcpp-2026.8.11.3/modules  seed build
[ 4263.9s] xmake/gcc/release/edit-comment/mcpp-2026.8.11.3/modules  run 1/3
[ 4346.4s] xmake/gcc/release/edit-comment/mcpp-2026.8.11.3/modules  run 2/3
[ 4428.7s] xmake/gcc/release/edit-comment/mcpp-2026.8.11.3/modules  run 3/3
xmake/gcc/release/edit-comment/mcpp-2026.8.11.3/modules    82.15s  (min 82.14 / max 82.21, n=3)

=== relative to 2026.8.11.3 (>1.00 = slower than the baseline) ===

-- modules / cold --
   mcpp@2026.8.13.1          86.69s    1.00x
   mcpp@2026.8.11.3          86.75s    1.00x   <- baseline
   mcpp@2026.8.13.1+schedule=on    35.73s    0.41x
   cmake                     91.74s    1.06x
   xmake                     90.54s    1.04x

-- modules / noop --
   mcpp@2026.8.13.1           0.16s    0.67x
   mcpp@2026.8.11.3           0.24s    1.00x   <- baseline
   mcpp@2026.8.13.1+schedule=on     0.18s    0.75x
   cmake                      0.32s    1.33x
   xmake                      0.38s    1.58x

-- modules / touch-hub --
   mcpp@2026.8.13.1           0.42s    0.01x
   mcpp@2026.8.11.3          81.72s    1.00x   <- baseline
   mcpp@2026.8.13.1+schedule=on     0.42s    0.01x
   cmake                     83.21s    1.02x
   xmake                     82.48s    1.01x

-- modules / edit-body --
   mcpp@2026.8.13.1          80.87s    1.00x
   mcpp@2026.8.11.3          81.19s    1.00x   <- baseline
   mcpp@2026.8.13.1+schedule=on    29.83s    0.37x
   cmake                     85.30s    1.05x
   xmake                     84.33s    1.04x

-- modules / edit-comment --
   mcpp@2026.8.13.1           0.40s    0.01x
   mcpp@2026.8.11.3          79.11s    1.00x   <- baseline
   mcpp@2026.8.13.1+schedule=on     0.40s    0.01x
   cmake                     83.21s    1.05x
   xmake                     82.15s    1.04x

report : /home/speak/workspace/github/mcpp-community/mcpp/bench/results/standard-20260814-linux-x86_64/gcc-mcpp-2026.8.11.3.json
cells  : 25 ok, 0 failed, 0 not applicable
